[    0.000000] Initializing cgroup subsys cpuset
[    0.000000] Initializing cgroup subsys cpu
[    0.000000] Initializing cgroup subsys cpuacct
[    0.000000] Linux version 4.4.0-173-generic (buildd@lgw01-amd64-037) (gcc version 5.4.0 20160609 (Ubuntu 5.4.0-6ubuntu1~16.04.12) ) #203-Ubuntu SMP Wed Jan 15 02:55:01 UTC 2020 (Ubuntu 4.4.0-173.203-generic 4.4.208)
[    0.000000] Command line: BOOT_IMAGE=/boot/vmlinuz-4.4.0-173-generic root=LABEL=cloudimg-rootfs ro console=tty1 console=ttyS0
[    0.000000] KERNEL supported cpus:
[    0.000000]   Intel GenuineIntel
[    0.000000]   AMD AuthenticAMD
[    0.000000]   Centaur CentaurHauls
[    0.000000] x86/fpu: xstate_offset[2]:  576, xstate_sizes[2]:  256
[    0.000000] x86/fpu: Supporting XSAVE feature 0x01: 'x87 floating point registers'
[    0.000000] x86/fpu: Supporting XSAVE feature 0x02: 'SSE registers'
[    0.000000] x86/fpu: Supporting XSAVE feature 0x04: 'AVX registers'
[    0.000000] x86/fpu: Enabled xstate features 0x7, context size is 832 bytes, using 'standard' format.
[    0.000000] e820: BIOS-provided physical RAM map:
[    0.000000] BIOS-e820: [mem 0x0000000000000000-0x000000000009fbff] usable
[    0.000000] BIOS-e820: [mem 0x000000000009fc00-0x000000000009ffff] reserved
[    0.000000] BIOS-e820: [mem 0x00000000000f0000-0x00000000000fffff] reserved
[    0.000000] BIOS-e820: [mem 0x0000000000100000-0x000000001ffeffff] usable
[    0.000000] BIOS-e820: [mem 0x000000001fff0000-0x000000001fffffff] ACPI data
[    0.000000] BIOS-e820: [mem 0x00000000fec00000-0x00000000fec00fff] reserved
[    0.000000] BIOS-e820: [mem 0x00000000fee00000-0x00000000fee00fff] reserved
[    0.000000] BIOS-e820: [mem 0x00000000fffc0000-0x00000000ffffffff] reserved
[    0.000000] NX (Execute Disable) protection: active
[    0.000000] SMBIOS 2.5 present.
[    0.000000] Hypervisor detected: KVM
[    0.000000] e820: last_pfn = 0x1fff0 max_arch_pfn = 0x400000000
[    0.000000] MTRR: Disabled
[    0.000000] x86/PAT: MTRRs disabled, skipping PAT initialization too.
[    0.000000] CPU MTRRs all blank - virtualized system.
[    0.000000] x86/PAT: Configuration [0-7]: WB  WT  UC- UC  WB  WT  UC- UC  
[    0.000000] found SMP MP-table at [mem 0x0009fff0-0x0009ffff] mapped at [ffff88000009fff0]
[    0.000000] Scanning 1 areas for low memory corruption
[    0.000000] RAMDISK: [mem 0x1e8b4000-0x1f739fff]
[    0.000000] ACPI: Early table checksum verification disabled
[    0.000000] ACPI: RSDP 0x00000000000E0000 000024 (v02 VBOX  )
[    0.000000] ACPI: XSDT 0x000000001FFF0030 00003C (v01 VBOX   VBOXXSDT 00000001 ASL  00000061)
[    0.000000] ACPI: FACP 0x000000001FFF00F0 0000F4 (v04 VBOX   VBOXFACP 00000001 ASL  00000061)
[    0.000000] ACPI: DSDT 0x000000001FFF0470 002325 (v02 VBOX   VBOXBIOS 00000002 INTL 20100528)
[    0.000000] ACPI: FACS 0x000000001FFF0200 000040
[    0.000000] ACPI: FACS 0x000000001FFF0200 000040
[    0.000000] ACPI: APIC 0x000000001FFF0240 00005C (v02 VBOX   VBOXAPIC 00000001 ASL  00000061)
[    0.000000] ACPI: SSDT 0x000000001FFF02A0 0001CC (v01 VBOX   VBOXCPUT 00000002 INTL 20100528)
[    0.000000] No NUMA configuration found
[    0.000000] Faking a node at [mem 0x0000000000000000-0x000000001ffeffff]
[    0.000000] NODE_DATA(0) allocated [mem 0x1ffeb000-0x1ffeffff]
[    0.000000] kvm-clock: Using msrs 4b564d01 and 4b564d00
[    0.000000] kvm-clock: cpu 0, msr 0:1ffe3001, primary cpu clock
[    0.000000] kvm-clock: using sched offset of 4907240267 cycles
[    0.000000] clocksource: kvm-clock: mask: 0xffffffffffffffff max_cycles: 0x1cd42e4dffb, max_idle_ns: 881590591483 ns
[    0.000000] Zone ranges:
[    0.000000]   DMA      [mem 0x0000000000001000-0x0000000000ffffff]
[    0.000000]   DMA32    [mem 0x0000000001000000-0x000000001ffeffff]
[    0.000000]   Normal   empty
[    0.000000]   Device   empty
[    0.000000] Movable zone start for each node
[    0.000000] Early memory node ranges
[    0.000000]   node   0: [mem 0x0000000000001000-0x000000000009efff]
[    0.000000]   node   0: [mem 0x0000000000100000-0x000000001ffeffff]
[    0.000000] Initmem setup node 0 [mem 0x0000000000001000-0x000000001ffeffff]
[    0.000000] ACPI: PM-Timer IO Port: 0x4008
[    0.000000] IOAPIC[0]: apic_id 2, version 32, address 0xfec00000, GSI 0-23
[    0.000000] ACPI: INT_SRC_OVR (bus 0 bus_irq 0 global_irq 2 dfl dfl)
[    0.000000] ACPI: INT_SRC_OVR (bus 0 bus_irq 9 global_irq 9 low level)
[    0.000000] Using ACPI (MADT) for SMP configuration information
[    0.000000] smpboot: Allowing 2 CPUs, 0 hotplug CPUs
[    0.000000] PM: Registered nosave memory: [mem 0x00000000-0x00000fff]
[    0.000000] PM: Registered nosave memory: [mem 0x0009f000-0x0009ffff]
[    0.000000] PM: Registered nosave memory: [mem 0x000a0000-0x000effff]
[    0.000000] PM: Registered nosave memory: [mem 0x000f0000-0x000fffff]
[    0.000000] e820: [mem 0x20000000-0xfebfffff] available for PCI devices
[    0.000000] Booting paravirtualized kernel on KVM
[    0.000000] clocksource: refined-jiffies: mask: 0xffffffff max_cycles: 0xffffffff, max_idle_ns: 7645519600211568 ns
[    0.000000] setup_percpu: NR_CPUS:512 nr_cpumask_bits:512 nr_cpu_ids:2 nr_node_ids:1
[    0.000000] PERCPU: Embedded 33 pages/cpu @ffff88001fc00000 s95448 r8192 d31528 u1048576
[    0.000000] Built 1 zonelists in Node order, mobility grouping on.  Total pages: 128888
[    0.000000] Policy zone: DMA32
[    0.000000] Kernel command line: BOOT_IMAGE=/boot/vmlinuz-4.4.0-173-generic root=LABEL=cloudimg-rootfs ro console=tty1 console=ttyS0
[    0.000000] PID hash table entries: 2048 (order: 2, 16384 bytes)
[    0.000000] Memory: 481600K/523832K available (8626K kernel code, 1336K rwdata, 4032K rodata, 1488K init, 1292K bss, 42232K reserved, 0K cma-reserved)
[    0.000000] SLUB: HWalign=64, Order=0-3, MinObjects=0, CPUs=2, Nodes=1
[    0.000000] Kernel/User page tables isolation: enabled
[    0.000000] Hierarchical RCU implementation.
[    0.000000] 	Build-time adjustment of leaf fanout to 64.
[    0.000000] 	RCU restricting CPUs from NR_CPUS=512 to nr_cpu_ids=2.
[    0.000000] RCU: Adjusting geometry for rcu_fanout_leaf=64, nr_cpu_ids=2
[    0.000000] NR_IRQS:33024 nr_irqs:440 16
[    0.000000] Console: colour VGA+ 80x25
[    0.000000] console [tty1] enabled
[    0.000000] console [ttyS0] enabled
[    0.000000] tsc: Detected 2593.994 MHz processor
[    0.399505] Calibrating delay loop (skipped) preset value.. 5187.98 BogoMIPS (lpj=10375976)
[    0.404142] pid_max: default: 32768 minimum: 301
[    0.406719] ACPI: Core revision 20150930
[    0.414337] ACPI: 2 ACPI AML tables successfully acquired and loaded
[    0.418027] Security Framework initialized
[    0.420293] Yama: becoming mindful.
[    0.422401] AppArmor: AppArmor initialized
[    0.424931] Dentry cache hash table entries: 65536 (order: 7, 524288 bytes)
[    0.429042] Inode-cache hash table entries: 32768 (order: 6, 262144 bytes)
[    0.432433] Mount-cache hash table entries: 1024 (order: 1, 8192 bytes)
[    0.436405] Mountpoint-cache hash table entries: 1024 (order: 1, 8192 bytes)
[    0.440460] Initializing cgroup subsys io
[    0.442996] Initializing cgroup subsys memory
[    0.445510] Initializing cgroup subsys devices
[    0.448120] Initializing cgroup subsys freezer
[    0.450467] Initializing cgroup subsys net_cls
[    0.452778] Initializing cgroup subsys perf_event
[    0.455240] Initializing cgroup subsys net_prio
[    0.458303] Initializing cgroup subsys hugetlb
[    0.461429] Initializing cgroup subsys pids
[    0.464833] mce: CPU supports 0 MCE banks
[    0.467434] Last level iTLB entries: 4KB 64, 2MB 8, 4MB 8
[    0.470108] Last level dTLB entries: 4KB 64, 2MB 0, 4MB 0, 1GB 4
[    0.472960] Spectre V1 : Mitigation: usercopy/swapgs barriers and __user pointer sanitization
[    0.478952] Spectre V2 : Mitigation: Full generic retpoline
[    0.481765] Spectre V2 : Spectre v2 / SpectreRSB mitigation: Filling RSB on context switch
[    0.486301] Speculative Store Bypass: Vulnerable
[    0.488838] MDS: Vulnerable: Clear CPU buffers attempted, no microcode
[    0.499637] Freeing SMP alternatives memory: 36K
[    0.517478] ftrace: allocating 32304 entries in 127 pages
[    0.664478] smpboot: APIC(0) Converting physical 0 to logical package 0
[    0.667806] smpboot: Max logical packages: 1
[    0.671046] x2apic enabled
[    0.673633] Switched APIC routing to physical x2apic.
[    0.680046] ..TIMER: vector=0x30 apic1=0 pin1=2 apic2=-1 pin2=-1
[    0.791247] smpboot: CPU0: Intel(R) Core(TM) i7-5600U CPU @ 2.60GHz (family: 0x6, model: 0x3d, stepping: 0x4)
[    0.796665] Performance Events: unsupported p6 CPU model 61 no PMU driver, software events only.
[    0.821021] KVM setup paravirtual spinlock
[    0.824452] x86: Booting SMP configuration:
[    0.826723] .... node  #0, CPUs:      #1
[    0.828879] kvm-clock: cpu 1, msr 0:1ffe3041, secondary cpu clock
[    0.832503] mce: CPU supports 0 MCE banks
[    0.836145] x86: Booted up 1 node, 2 CPUs
[    0.839165] smpboot: Total of 2 processors activated (10375.97 BogoMIPS)
[    0.859500] devtmpfs: initialized
[    0.877124] evm: security.selinux
[    0.879648] evm: security.SMACK64
[    0.882004] evm: security.SMACK64EXEC
[    0.884790] evm: security.SMACK64TRANSMUTE
[    0.887440] evm: security.SMACK64MMAP
[    0.889922] evm: security.ima
[    0.892298] evm: security.capability
[    0.895602] clocksource: jiffies: mask: 0xffffffff max_cycles: 0xffffffff, max_idle_ns: 7645041785100000 ns
[    0.901232] futex hash table entries: 512 (order: 3, 32768 bytes)
[    0.905260] pinctrl core: initialized pinctrl subsystem
[    0.908772] RTC time:  8:24:11, date: 03/12/20
[    0.911620] NET: Registered protocol family 16
[    0.927637] cpuidle: using governor ladder
[    0.944313] cpuidle: using governor menu
[    0.946526] PCCT header not found.
[    0.948744] ACPI: bus type PCI registered
[    0.951637] acpiphp: ACPI Hot Plug PCI Controller Driver version: 0.5
[    0.955459] PCI: Using configuration type 1 for base access
[    0.972964] ACPI: Added _OSI(Module Device)
[    0.975461] ACPI: Added _OSI(Processor Device)
[    0.977891] ACPI: Added _OSI(3.0 _SCP Extensions)
[    0.980737] ACPI: Added _OSI(Processor Aggregator Device)
[    0.985574] ACPI: Executed 1 blocks of module-level executable AML code
[    0.996449] ACPI: Interpreter enabled
[    0.998788] ACPI: (supports S0 S5)
[    1.000823] ACPI: Using IOAPIC for interrupt routing
[    1.004099] PCI: Using host bridge windows from ACPI; if necessary, use "pci=nocrs" and report a bug
[    1.021001] ACPI: PCI Root Bridge [PCI0] (domain 0000 [bus 00-ff])
[    1.024281] acpi PNP0A03:00: _OSC: OS supports [ASPM ClockPM Segments MSI]
[    1.028798] acpi PNP0A03:00: _OSC: not requesting OS control; OS requires [ExtendedConfig ASPM ClockPM MSI]
[    1.034009] acpi PNP0A03:00: fail to add MMCONFIG information, can't access extended PCI configuration space under this bridge.
[    1.040597] PCI host bridge to bus 0000:00
[    1.043022] pci_bus 0000:00: root bus resource [io  0x0000-0x0cf7 window]
[    1.046414] pci_bus 0000:00: root bus resource [io  0x0d00-0xffff window]
[    1.049625] pci_bus 0000:00: root bus resource [mem 0x000a0000-0x000bffff window]
[    1.053896] pci_bus 0000:00: root bus resource [mem 0x20000000-0xfdffffff window]
[    1.058370] pci_bus 0000:00: root bus resource [bus 00-ff]
[    1.065126] pci 0000:00:01.1: legacy IDE quirk: reg 0x10: [io  0x01f0-0x01f7]
[    1.068578] pci 0000:00:01.1: legacy IDE quirk: reg 0x14: [io  0x03f6]
[    1.071853] pci 0000:00:01.1: legacy IDE quirk: reg 0x18: [io  0x0170-0x0177]
[    1.076190] pci 0000:00:01.1: legacy IDE quirk: reg 0x1c: [io  0x0376]
[    1.131469] pci 0000:00:07.0: quirk: [io  0x4000-0x403f] claimed by PIIX4 ACPI
[    1.135527] pci 0000:00:07.0: quirk: [io  0x4100-0x410f] claimed by PIIX4 SMB
[    1.145937] ACPI: PCI Interrupt Link [LNKA] (IRQs 5 9 10 *11)
[    1.150263] ACPI: PCI Interrupt Link [LNKB] (IRQs 5 9 *10 11)
[    1.154117] ACPI: PCI Interrupt Link [LNKC] (IRQs 5 *9 10 11)
[    1.158708] ACPI: PCI Interrupt Link [LNKD] (IRQs 5 9 10 *11)
[    1.162777] ACPI: Enabled 2 GPEs in block 00 to 07
[    1.165757] vgaarb: setting as boot device: PCI:0000:00:02.0
[    1.168379] vgaarb: device added: PCI:0000:00:02.0,decodes=io+mem,owns=io+mem,locks=none
[    1.172624] vgaarb: loaded
[    1.175107] vgaarb: bridge control possible 0000:00:02.0
[    1.178644] SCSI subsystem initialized
[    1.181407] ACPI: bus type USB registered
[    1.183570] usbcore: registered new interface driver usbfs
[    1.186304] usbcore: registered new interface driver hub
[    1.189087] usbcore: registered new device driver usb
[    1.192214] PCI: Using ACPI for IRQ routing
[    1.195198] NetLabel: Initializing
[    1.197268] NetLabel:  domain hash size = 128
[    1.199919] NetLabel:  protocols = UNLABELED CIPSOv4
[    1.202656] NetLabel:  unlabeled traffic allowed by default
[    1.205840] amd_nb: Cannot enumerate AMD northbridges
[    1.208751] clocksource: Switched to clocksource kvm-clock
[    1.237903] AppArmor: AppArmor Filesystem Enabled
[    1.240614] pnp: PnP ACPI init
[    1.244704] pnp: PnP ACPI: found 3 devices
[    1.260419] clocksource: acpi_pm: mask: 0xffffff max_cycles: 0xffffff, max_idle_ns: 2085701024 ns
[    1.265007] NET: Registered protocol family 2
[    1.267452] TCP established hash table entries: 4096 (order: 3, 32768 bytes)
[    1.270664] TCP bind hash table entries: 4096 (order: 4, 65536 bytes)
[    1.273639] TCP: Hash tables configured (established 4096 bind 4096)
[    1.276599] UDP hash table entries: 256 (order: 1, 8192 bytes)
[    1.279492] UDP-Lite hash table entries: 256 (order: 1, 8192 bytes)
[    1.282494] NET: Registered protocol family 1
[    1.284709] pci 0000:00:00.0: Limiting direct PCI/PCI transfers
[    1.287573] pci 0000:00:01.0: Activating ISA DMA hang workarounds
[    1.302630] Unpacking initramfs...
[    2.114231] Freeing initrd memory: 14872K
[    2.116734] RAPL PMU detected, API unit is 2^-32 Joules, 4 fixed counters 10737418240 ms ovfl timer
[    2.121474] hw unit of domain pp0-core 2^-0 Joules
[    2.123900] hw unit of domain package 2^-0 Joules
[    2.126436] hw unit of domain dram 2^-0 Joules
[    2.128711] hw unit of domain pp1-gpu 2^-0 Joules
[    2.131241] clocksource: tsc: mask: 0xffffffffffffffff max_cycles: 0x256412811b4, max_idle_ns: 440795306987 ns
[    2.136244] platform rtc_cmos: registered platform RTC device (no PNP device found)
[    2.140618] Scanning for low memory corruption every 60 seconds
[    2.144228] audit: initializing netlink subsys (disabled)
[    2.146985] audit: type=2000 audit(1584001459.130:1): initialized
[    2.150494] Initialise system trusted keyring
[    2.153056] HugeTLB registered 2 MB page size, pre-allocated 0 pages
[    2.159876] zbud: loaded
[    2.162268] VFS: Disk quotas dquot_6.6.0
[    2.164522] VFS: Dquot-cache hash table entries: 512 (order 0, 4096 bytes)
[    2.168379] squashfs: version 4.0 (2009/01/31) Phillip Lougher
[    2.171908] fuse init (API version 7.23)
[    2.174394] Key type big_key registered
[    2.177327] Allocating IMA MOK and blacklist keyrings.
[    2.183392] Key type asymmetric registered
[    2.185801] Asymmetric key parser 'x509' registered
[    2.188576] Block layer SCSI generic (bsg) driver version 0.4 loaded (major 249)
[    2.193086] io scheduler noop registered
[    2.195368] io scheduler deadline registered (default)
[    2.198176] io scheduler cfq registered
[    2.200543] pci_hotplug: PCI Hot Plug PCI Core version: 0.5
[    2.203482] pciehp: PCI Express Hot Plug Controller Driver version: 0.4
[    2.207276] ACPI: AC Adapter [AC] (off-line)
[    2.209744] input: Power Button as /devices/LNXSYSTM:00/LNXPWRBN:00/input/input0
[    2.213725] ACPI: Power Button [PWRF]
[    2.215917] input: Sleep Button as /devices/LNXSYSTM:00/LNXSLPBN:00/input/input1
[    2.220107] ACPI: Sleep Button [SLPF]
[    2.224271] ACPI: Battery Slot [BAT0] (battery present)
[    2.227016] GHES: HEST is not enabled!
[    2.229224] Serial: 8250/16550 driver, 32 ports, IRQ sharing enabled
[    2.253803] 00:02: ttyS0 at I/O 0x3f8 (irq = 4, base_baud = 115200) is a 16550A
[    2.260722] Linux agpgart interface v0.103
[    2.266039] loop: module loaded
[    2.269370] scsi host0: ata_piix
[    2.271612] scsi host1: ata_piix
[    2.273606] ata1: PATA max UDMA/33 cmd 0x1f0 ctl 0x3f6 bmdma 0xd000 irq 14
[    2.276701] ata2: PATA max UDMA/33 cmd 0x170 ctl 0x376 bmdma 0xd008 irq 15
[    2.280138] libphy: Fixed MDIO Bus: probed
[    2.282535] tun: Universal TUN/TAP device driver, 1.6
[    2.285222] tun: (C) 1999-2004 Max Krasnyansky <maxk@qualcomm.com>
[    2.288136] PPP generic driver version 2.4.2
[    2.290563] ehci_hcd: USB 2.0 'Enhanced' Host Controller (EHCI) Driver
[    2.293592] ehci-pci: EHCI PCI platform driver
[    2.295906] ehci-platform: EHCI generic platform driver
[    2.298579] ohci_hcd: USB 1.1 'Open' Host Controller (OHCI) Driver
[    2.301501] ohci-pci: OHCI PCI platform driver
[    2.303916] ohci-platform: OHCI generic platform driver
[    2.306573] uhci_hcd: USB Universal Host Controller Interface driver
[    2.309611] i8042: PNP: PS/2 Controller [PNP0303:PS2K,PNP0f03:PS2M] at 0x60,0x64 irq 1,12
[    2.314614] serio: i8042 KBD port at 0x60,0x64 irq 1
[    2.317131] serio: i8042 AUX port at 0x60,0x64 irq 12
[    2.320174] mousedev: PS/2 mouse device common for all mice
[    2.324427] input: AT Translated Set 2 keyboard as /devices/platform/i8042/serio0/input/input2
[    2.329400] rtc_cmos rtc_cmos: rtc core: registered rtc_cmos as rtc0
[    2.332581] rtc_cmos rtc_cmos: alarms up to one day, 114 bytes nvram
[    2.335810] i2c /dev entries driver
[    2.338073] device-mapper: uevent: version 1.0.3
[    2.340689] device-mapper: ioctl: 4.34.0-ioctl (2015-10-28) initialised: dm-devel@redhat.com
[    2.345348] ledtrig-cpu: registered to indicate activity on CPUs
[    2.349425] NET: Registered protocol family 10
[    2.352223] NET: Registered protocol family 17
[    2.354696] Key type dns_resolver registered
[    2.358223] registered taskstats version 1
[    2.360513] Loading compiled-in X.509 certificates
[    2.364272] Loaded X.509 cert 'Build time autogenerated kernel key: 4e6a82653c7e3a258f066f23f1954299de63b157'
[    2.369508] zswap: loaded using pool lzo/zbud
[    2.375544] Key type trusted registered
[    2.384450] Key type encrypted registered
[    2.386751] AppArmor: AppArmor sha1 policy hashing enabled
[    2.389348] ima: No TPM chip found, activating TPM-bypass!
[    2.392123] ima: Allocated hash algorithm: sha1
[    2.394519] evm: HMAC attrs: 0x1
[    2.397041]   Magic number: 12:104:422
[    2.399254]   hash matches /build/linux-jR4Ohd/linux-4.4.0/drivers/base/power/main.c:816
[    2.403846] rtc_cmos rtc_cmos: setting system clock to 2020-03-12 08:24:13 UTC (1584001453)
[    2.408774] BIOS EDD facility v0.16 2004-Jun-25, 0 devices found
[    2.411610] EDD information not available.
[    2.465645] Freeing unused kernel memory: 1488K
[    2.467988] Write protecting the kernel read-only data: 14336k
[    2.472052] Freeing unused kernel memory: 1604K
[    2.474949] Freeing unused kernel memory: 64K
Loading, please wait...
starting version 229
[    2.500507] random: systemd-udevd: uninitialized urandom read (16 bytes read, 5 bits of entropy available)
[    2.501456] random: udevadm: uninitialized urandom read (16 bytes read, 5 bits of entropy available)
[    2.501490] random: udevadm: uninitialized urandom read (16 bytes read, 5 bits of entropy available)
[    2.528658] random: systemd-udevd: uninitialized urandom read (16 bytes read, 5 bits of entropy available)
[    2.534863] random: systemd-udevd: uninitialized urandom read (16 bytes read, 5 bits of entropy available)
[    2.535183] random: udevadm: uninitialized urandom read (16 bytes read, 5 bits of entropy available)
[    2.535274] random: udevadm: uninitialized urandom read (16 bytes read, 5 bits of entropy available)
[    2.535602] random: udevadm: uninitialized urandom read (16 bytes read, 5 bits of entropy available)
[    2.535743] random: udevadm: uninitialized urandom read (16 bytes read, 5 bits of entropy available)
[    2.535860] random: udevadm: uninitialized urandom read (16 bytes read, 5 bits of entropy available)
[    2.627283] e1000: Intel(R) PRO/1000 Network Driver - version 7.3.21-k8-NAPI
[    2.631509] e1000: Copyright (c) 1999-2006 Intel Corporation.
[    2.637451] Fusion MPT base driver 3.04.20
[    2.640219] Copyright (c) 1999-2008 LSI Corporation
[    2.653760] Fusion MPT SPI Host driver 3.04.20
[    2.678078] AVX2 version of gcm_enc/dec engaged.
[    2.681281] AES CTR mode by8 optimization enabled
[    2.882991] input: ImExPS/2 Generic Explorer Mouse as /devices/platform/i8042/serio1/input/input4
[    3.150935] e1000 0000:00:03.0 eth0: (PCI:33MHz:32-bit) 02:0e:0c:9a:00:f0
[    3.154118] e1000 0000:00:03.0 eth0: Intel(R) PRO/1000 Network Connection
[    3.160397] mptbase: ioc0: Initiating bringup
[    3.164715] e1000 0000:00:03.0 enp0s3: renamed from eth0
[    4.874233] ioc0: LSI53C1030 A0: Capabilities={Initiator}
[    7.214096] scsi host2: ioc0: LSI53C1030 A0, FwRev=00000000h, Ports=1, MaxQ=256, IRQ=20
[    9.191923] scsi 2:0:0:0: Direct-Access     VBOX     HARDDISK         1.0  PQ: 0 ANSI: 5
[    9.197413] scsi target2:0:0: Beginning Domain Validation
[    9.203104] scsi target2:0:0: Domain Validation skipping write tests
[    9.240295] scsi target2:0:0: Ending Domain Validation
[    9.243125] scsi target2:0:0: asynchronous
[    9.246494] scsi 2:0:1:0: Direct-Access     VBOX     HARDDISK         1.0  PQ: 0 ANSI: 5
[    9.250951] scsi target2:0:1: Beginning Domain Validation
[    9.256604] scsi target2:0:1: Domain Validation skipping write tests
[    9.259529] scsi target2:0:1: Ending Domain Validation
[    9.262173] scsi target2:0:1: asynchronous
[    9.272341] sd 2:0:0:0: Attached scsi generic sg0 type 0
[    9.275134] sd 2:0:0:0: [sda] 20971520 512-byte logical blocks: (10.7 GB/10.0 GiB)
[    9.279759] sd 2:0:1:0: Attached scsi generic sg1 type 0
[    9.280274] sd 2:0:1:0: [sdb] 20480 512-byte logical blocks: (10.5 MB/10.0 MiB)
[    9.280530] sd 2:0:1:0: [sdb] Write Protect is off
[    9.280706] sd 2:0:1:0: [sdb] Incomplete mode parameter data
[    9.280710] sd 2:0:1:0: [sdb] Assuming drive cache: write through
[    9.284932] sd 2:0:0:0: [sda] Write Protect is off
[    9.285287] sd 2:0:0:0: [sda] Incomplete mode parameter data
[    9.285292] sd 2:0:0:0: [sda] Assuming drive cache: write through
[    9.287709]  sda: sda1
[    9.289207] sd 2:0:1:0: [sdb] Attached SCSI disk
[    9.290225] sd 2:0:0:0: [sda] Attached SCSI disk
Begin: Loading essential drivers ... [   11.447444] md: linear personality registered for level -1
[   11.454582] md: multipath personality registered for level -4
[   11.462402] md: raid0 personality registered for level 0
[   11.472981] md: raid1 personality registered for level 1
[   11.548789] raid6: sse2x1   gen()  2107 MB/s
[   11.617038] raid6: sse2x1   xor()  1281 MB/s
[   11.684784] raid6: sse2x2   gen()  3414 MB/s
[   11.752771] raid6: sse2x2   xor()  2467 MB/s
[   11.821059] raid6: sse2x4   gen()  5526 MB/s
[   11.888770] raid6: sse2x4   xor()  3306 MB/s
[   11.956817] raid6: avx2x1   gen()  4253 MB/s
[   12.025127] raid6: avx2x2   gen()  7857 MB/s
[   12.092770] raid6: avx2x4   gen() 10968 MB/s
[   12.095100] raid6: using algorithm avx2x4 gen() 10968 MB/s
[   12.097829] raid6: using avx2x2 recovery algorithm
[   12.102555] xor: automatically using best checksumming function:
[   12.144794]    avx       : 14200.000 MB/sec
[   12.149425] async_tx: api initialized (async)
[   12.172453] md: raid6 personality registered for level 6
[   12.175158] md: raid5 personality registered for level 5
[   12.177765] md: raid4 personality registered for level 4
[   12.191946] md: raid10 personality registered for level 10
done.
Begin: Running /scripts/init-premount ... done.
Begin: Mounting root file system ... Begin: Running /scripts/local-top ... done.
Begin: Running /scripts/local-premount ... [   12.267438] Btrfs loaded
Scanning for Btrfs filesystems
done.
Warning: fsck not present, so skipping root file system
[   12.314924] EXT4-fs (sda1): mounted filesystem with ordered data mode. Opts: (null)
done.
Begin: Running /scripts/local-bottom ... done.
Begin: Running /scripts/init-bottom ... done.
[   12.465705] systemd[1]: systemd 229 running in system mode. (+PAM +AUDIT +SELINUX +IMA +APPARMOR +SMACK +SYSVINIT +UTMP +LIBCRYPTSETUP +GCRYPT +GNUTLS +ACL +XZ -LZ4 +SECCOMP +BLKID +ELFUTILS +KMOD -IDN)
[   12.474386] systemd[1]: Detected virtualization oracle.
[   12.477070] systemd[1]: Detected architecture x86-64.

Welcome to [1mUbuntu 16.04.6 LTS[0m!

[   12.484269] systemd[1]: Set hostname to <ubuntu-xenial>.
[   12.706027] systemd[1]: Listening on LVM2 metadata daemon socket.
[[0;32m  OK  [0m] Listening on LVM2 metadata daemon socket.
[   12.711174] systemd[1]: Started Forward Password Requests to Wall Directory Watch.
[[0;32m  OK  [0m] Started Forward Password Requests to Wall Directory Watch.
[   12.717001] systemd[1]: Reached target System Time Synchronized.
[[0;32m  OK  [0m] Reached target System Time Synchronized.
[   12.721363] systemd[1]: Listening on LVM2 poll daemon socket.
[[0;32m  OK  [0m] Listening on LVM2 poll daemon socket.
[   12.725514] systemd[1]: Listening on Syslog Socket.
[[0;32m  OK  [0m] Listening on Syslog Socket.
[   12.729324] systemd[1]: Reached target User and Group Name Lookups.
[[0;32m  OK  [0m] Reached target User and Group Name Lookups.
[   12.733700] systemd[1]: Reached target Swap.
[[0;32m  OK  [0m] Reached target Swap.
[   12.737190] systemd[1]: Reached target Encrypted Volumes.
[[0;32m  OK  [0m] Reached target Encrypted Volumes.
[   12.741211] systemd[1]: Listening on udev Control Socket.
[[0;32m  OK  [0m] Listening on udev Control Socket.
[   12.745259] systemd[1]: Listening on udev Kernel Socket.
[[0;32m  OK  [0m] Listening on udev Kernel Socket.
[   12.749802] systemd[1]: Created slice User and Session Slice.
[[0;32m  OK  [0m] Created slice User and Session Slice.
[   12.754103] systemd[1]: Listening on Device-mapper event daemon FIFOs.
[[0;32m  OK  [0m] Listening on Device-mapper event daemon FIFOs.
[   12.758973] systemd[1]: Listening on /dev/initctl Compatibility Named Pipe.
[[0;32m  OK  [0m] Listening on /dev/initctl Compatibility Named Pipe.
[   12.868072] systemd[1]: Listening on Journal Socket.
[[0;32m  OK  [0m] Listening on Journal Socket.
[   12.886004] systemd[1]: Set up automount Arbitrary Executable File Formats File System Automount Point.
[[0;32m  OK  [0m] Set up automount Arbitrary Executab...ats File System Automount Point.
[   12.895986] systemd[1]: Created slice System Slice.
[[0;32m  OK  [0m] Created slice System Slice.
[   12.899632] systemd[1]: Reached target Slices.
[[0;32m  OK  [0m] Reached target Slices.
[   12.916991] systemd[1]: Starting Load Kernel Modules...
         Starting Load Kernel Modules...
[   12.923447] systemd[1]: Starting Nameserver information manager...
         Starting Nameserver information manager...
[   12.931379] systemd[1]: Mounting Debug File System...
         Mounting Debug File System...
[   12.936302] Loading iSCSI transport class v2.0-870.
[   12.938216] systemd[1]: Starting Create list of required static device nodes for the current kernel...
         Starting Create list of required st... nodes for the current kernel...
[   12.948229] systemd[1]: Created slice system-serial\x2dgetty.slice.
[[0;32m  OK  [0m] Created slice system-serial\x2dgetty.slice.
[   12.956148] systemd[1]: Starting Remount Root and Kernel File Systems...
         Starting Remount Root and Kernel File Systems...
[   12.966422] systemd[1]: Mounting POSIX Message Queue File System...
[   12.970459] EXT4-fs (sda1): re-mounted. Opts: (null)
         Mounting POSIX Message Queue File System...
[   12.978436] systemd[1]: Mounting Huge Pages File System...
         Mounting Huge Pages File System...
[   12.985281] systemd[1]: Starting Uncomplicated firewall...
[   12.989134] iscsi: registered transport (tcp)
         Starting Uncomplicated firewall...
[   12.994377] systemd[1]: Listening on Journal Socket (/dev/log).
[[0;32m  OK  [0m] Listening on Journal Socket (/dev/log).
[   13.001891] systemd[1]: Starting Set console keymap...
         Starting Set console keymap...
[   13.010431] systemd[1]: Starting Monitoring of LVM2 mirrors, snapshots etc. using dmeventd or progress polling...
         Starting Monitoring of LVM2 mirrors... dmeventd or progress polling...
[   13.023562] systemd[1]: Started Trigger resolvconf update for networkd DNS.
[[0;32m  OK  [0m] Started Trigger resolvconf update for networkd DNS.
[   13.030780] systemd[1]: Listening on Journal Audit Socket.
[[0;32m  OK  [0m] Listening on Journal Audit Socket.
[   13.042806] systemd[1]: Starting Journal Service...
         Starting Journal Service...
[   13.062297] systemd[1]: Mounted Debug File System.
[[0;32m  OK  [0m] Mounted Debug File System.
[   13.068112] systemd[1]: Mounted Huge Pages File System.
[[0;32m  OK  [0m] Mounted Huge Pages File System.
[   13.077412] systemd[1]: Mounted POSIX Message Queue File System.
[[0;32m  OK  [0m] Mounted POSIX Message Queue File System.
[   13.106449] random: nonblocking pool is initialized
[   13.110585] systemd[1]: Started Create list of required static device nodes for the current kernel.
[[0;32m  OK  [0m] Started Create list of required sta...ce nodes for the current kernel.
[   13.130529] systemd[1]: Started Remount Root and Kernel File Systems.
[[0;32m  OK  [0m] Started Remount Root and Kernel File Systems.
[   13.138608] systemd[1]: Started Uncomplicated firewall.
[[0;32m  OK  [0m] Started Uncomplicated firewall.
[   13.169329] systemd[1]: Started Nameserver information manager.
[[0;32m  OK  [0m] Started Nameserver information manager.
[   13.182483] systemd[1]: Started LVM2 metadata daemon.
[[0;32m  OK  [0m] Started LVM2 metadata daemon.
[   13.198027] systemd[1]: Starting Load/Save Random Seed...
[   13.202129] iscsi: registered transport (iser)
         Starting Load/Save Random Seed...
[   13.249307] systemd[1]: Starting udev Coldplug all Devices...
         Starting udev Coldplug all Devices...
[   13.277138] systemd[1]: Starting Create Static Device Nodes in /dev...
         Starting Create Static Device Nodes in /dev...
[   13.284583] systemd[1]: Started Journal Service.
[[0;32m  OK  [0m] Started Journal Service.
[[0;32m  OK  [0m] Started Load Kernel Modules.
[[0;32m  OK  [0m] Started Load/Save Random Seed.
         Starting Apply Kernel Variables...
         Mounting FUSE Control File System...
         Starting Flush Journal to Persistent Storage...
[[0;32m  OK  [0m] Mounted FUSE Control File System.
[[0;32m  OK  [0m] Started Apply Kernel Variables.
[[0;32m  OK  [0m] Started Create Static Device Nodes in /dev.
         Starting udev Kernel Device Manager...
[[0;32m  OK  [0m] Started Flush Journal to Persistent Storage.
[[0;32m  OK  [0m] Started Set console keymap.
[[0;32m  OK  [0m] Started udev Kernel Device Manager.
[[0;32m  OK  [0m] Started udev Coldplug all Devices.
[[0;32m  OK  [0m] Started Dispatch Password Requests to Console Directory Watch.
[[0;32m  OK  [0m] Found device /dev/ttyS0.
[[0;32m  OK  [0m] Started Monitoring of LVM2 mirrors,...ng dmeventd or progress polling.
[[0;32m  OK  [0m] Reached target Local File Systems (Pre).
[[0;32m  OK  [0m] Reached target Local File Systems.
         Starting Set console font and keymap...
         Starting Create Volatile Files and Directories...
         Starting Tell Plymouth To Write Out Runtime Data...
         Starting Initial cloud-init job (pre-networking)...
         Starting LSB: AppArmor initialization...
[[0;32m  OK  [0m] Started Tell Plymouth To Write Out Runtime Data.
[[0;32m  OK  [0m] Started Create Volatile Files and Directories.
         Starting Update UTMP about System Boot/Shutdown...
[[0;32m  OK  [0m] Started Update UTMP about System Boot/Shutdown.
[[0;32m  OK  [0m] Listening on Load/Save RF Kill Switch Status /dev/rfkill Watch.
[[0;32m  OK  [0m] Started LSB: AppArmor initialization.
[[0;32m  OK  [0m] Found device 82540EM Gigabit Ethern...r (PRO/1000 MT Desktop Adapter).
[   15.302426] cloud-init[509]: Cloud-init v. 19.4-33-gbb4131a2-0ubuntu1~16.04.1 running 'init-local' at Thu, 12 Mar 2020 08:24:26 +0000. Up 14.71 seconds.
[[0;32m  OK  [0m] Started Initial cloud-init job (pre-networking).
[[0;32m  OK  [0m] Reached target Network (Pre).
[[0;32m  OK  [0m] Started ifup for enp0s3.
         Starting Raise network interfaces...
[[0;32m  OK  [0m] Started Set console font and keymap.
[[0;32m  OK  [0m] Created slice system-getty.slice.
[[0;32m  OK  [0m] Started Raise network interfaces.
[[0;32m  OK  [0m] Reached target Network.
         Starting Initial cloud-init job (metadata service crawler)...
[   18.178548] cloud-init[979]: Cloud-init v. 19.4-33-gbb4131a2-0ubuntu1~16.04.1 running 'init' at Thu, 12 Mar 2020 08:24:29 +0000. Up 17.56 seconds.
[   18.185288] cloud-init[979]: ci-info: ++++++++++++++++++++++++++++++++++++Net device info++++++++++++++++++++++++++++++++++++
[   18.190141] cloud-init[979]: ci-info: +--------+------+------------------------+---------------+--------+-------------------+
[   18.194911] cloud-init[979]: ci-info: | Device |  Up  |        Address         |      Mask     | Scope  |     Hw-Address    |
[   18.199701] cloud-init[979]: ci-info: +--------+------+------------------------+---------------+--------+-------------------+
[   18.205363] cloud-init[979]: ci-info: | enp0s3 | True |       10.0.2.15        | 255.255.255.0 | global | 02:0e:0c:9a:00:f0 |
[   18.216776] cloud-init[979]: ci-info: | enp0s3 | True | fe80::e:cff:fe9a:f0/64 |       .       |  link  | 02:0e:0c:9a:00:f0 |
[   18.222937] cloud-init[979]: ci-info: |   lo   | True |       127.0.0.1        |   255.0.0.0   |  host  |         .         |
[   18.228810] cloud-init[979]: ci-info: |   lo   | True |        ::1/128         |       .       |  host  |         .         |
[   18.233504] cloud-init[979]: ci-info: +--------+------+------------------------+---------------+--------+-------------------+
[   18.238717] cloud-init[979]: ci-info: +++++++++++++++++++++++++++Route IPv4 info++++++++++++++++++++++++++++
[   18.243578] cloud-init[979]: ci-info: +-------+-------------+----------+---------------+-----------+-------+
[   18.249000] cloud-init[979]: ci-info: | Route | Destination | Gateway  |    Genmask    | Interface | Flags |
[   18.260617] cloud-init[979]: ci-info: +-------+-------------+----------+---------------+-----------+-------+
[   18.264710] cloud-init[979]: ci-info: |   0   |   0.0.0.0   | 10.0.2.2 |    0.0.0.0    |   enp0s3  |   UG  |
[   18.273346] cloud-init[979]: ci-info: |   1   |   10.0.2.0  | 0.0.0.0  | 255.255.255.0 |   enp0s3  |   U   |
[   18.273917] cloud-init[979]: ci-info: +-------+-------------+----------+---------------+-----------+-------+
[   18.276325] cloud-init[979]: ci-info: +++++++++++++++++++Route IPv6 info+++++++++++++++++++
[   18.278156] cloud-init[979]: ci-info: +-------+-------------+---------+-----------+-------+
[   18.279156] cloud-init[979]: ci-info: | Route | Destination | Gateway | Interface | Flags |
[   18.281594] cloud-init[979]: ci-info: +-------+-------------+---------+-----------+-------+
[   18.282987] cloud-init[979]: ci-info: |   0   |  fe80::/64  |    ::   |   enp0s3  |   U   |
[   18.285286] cloud-init[979]: ci-info: |   3   |   ff00::/8  |    ::   |   enp0s3  |   U   |
[   18.286412] cloud-init[979]: ci-info: +-------+-------------+---------+-----------+-------+
[[0;32m  OK  [0m] Started Initial cloud-init job (metadata service crawler).
[[0;32m  OK  [0m] Reached target Cloud-config availability.
[[0;32m  OK  [0m] Reached target System Initialization.
[[0;32m  OK  [0m] Started ACPI Events Check.
[[0;32m  OK  [0m] Reached target Paths.
         Starting Socket activation for snappy daemon.
[[0;32m  OK  [0m] Started Daily Cleanup of Temporary Directories.
[[0;32m  OK  [0m] Started Message of the Day.
[[0;32m  OK  [0m] Started Daily apt download activities.
[[0;32m  OK  [0m] Started Daily apt upgrade and clean activities.
[[0;32m  OK  [0m] Reached target Timers.
[[0;32m  OK  [0m] Listening on D-Bus System Message Bus Socket.
[[0;32m  OK  [0m] Listening on ACPID Listen Socket.
         Starting LXD - unix socket.
[[0;32m  OK  [0m] Listening on UUID daemon activation socket.
[[0;32m  OK  [0m] Reached target Network is Online.
         Starting iSCSI initiator daemon (iscsid)...
[[0;32m  OK  [0m] Listening on Socket activation for snappy daemon.
[[0;32m  OK  [0m] Listening on LXD - unix socket.
[[0;32m  OK  [0m] Reached target Sockets.
[[0;32m  OK  [0m] Reached target Basic System.
         Starting Accounts Service...
[[0;32m  OK  [0m] Started Deferred execution scheduler.
         Starting OpenBSD Secure Shell server...
         Starting Virtualbox guest utils...
[[0;32m  OK  [0m] Started FUSE filesystem for LXC.
[[0;32m  OK  [0m] Started ACPI event daemon.
[[0;32m  OK  [0m] Started Regular background program processing daemon.
         Starting LXD - container startup/shutdown...
         Starting Login Service...
         Starting LSB: Record successful boot for GRUB...
         Starting LSB: MD monitoring daemon...
         Starting System Logging Service...
[[0;32m  OK  [0m] Started D-Bus System Message Bus.
         Starting /etc/rc.local Compatibility...
         Starting Message of the Day...
         Starting Snappy daemon...
[[0;32m  OK  [0m] Started System Logging Service.
[[0;32m  OK  [0m] Started /etc/rc.local Compatibility.
[[0;32m  OK  [0m] Started OpenBSD Secure Shell server.
[[0;32m  OK  [0m] Started Login Service.
[[0;32m  OK  [0m] Started Unattended Upgrades Shutdown.
         Starting Authenticate and Authorize Users to Run Privileged Tasks...
[[0;32m  OK  [0m] Started LSB: Record successful boot for GRUB.
[[0;32m  OK  [0m] Started iSCSI initiator daemon (iscsid).
         Starting Login to default iSCSI targets...
[[0;32m  OK  [0m] Started LSB: MD monitoring daemon.
[[0;32m  OK  [0m] Started LXD - container startup/shutdown.
[[0;32m  OK  [0m] Started Authenticate and Authorize Users to Run Privileged Tasks.
[[0;32m  OK  [0m] Started Accounts Service.
[[0;32m  OK  [0m] Started Login to default iSCSI targets.
[[0;32m  OK  [0m] Reached target Remote File Systems (Pre).
[[0;32m  OK  [0m] Reached target Remote File Systems.
         Starting LSB: Set the CPU Frequency Scaling governor to "ondemand"...
         Starting LSB: automatic crash report generation...
         Starting Permit User Sessions...
         Starting LSB: Apache2 web server...
         Starting LSB: daemon to balance interrupts for SMP systems...
[[0;32m  OK  [0m] Started Permit User Sessions.
         Starting Terminate Plymouth Boot Screen...
         Starting Hold until boot process finishes up...
[[0;32m  OK  [0m] Started Terminate Plymouth Boot Screen.
[[0;32m  OK  [0m] Started Hold until boot process finishes up.
[[0;32m  OK  [0m] Started Serial Getty on ttyS0.
         Starting Set console scheme...
[[0;32m  OK  [0m] Started Getty on tty1.
[[0;32m  OK  [0m] Reached target Login Prompts.
[[0;32m  OK  [0m] Started Set console scheme.
[[0;32m  OK  [0m] Started LSB: Set the CPU Frequency Scaling governor to "ondemand".
[[0;32m  OK  [0m] Started LSB: daemon to balance interrupts for SMP systems.
[[0;32m  OK  [0m] Started LSB: automatic crash report generation.
[[0;32m  OK  [0m] Started Virtualbox guest utils.
[[0;32m  OK  [0m] Created slice User Slice of vagrant.
         Starting User Manager for UID 1000...
[[0;32m  OK  [0m] Started Session 1 of user vagrant.
[[0;32m  OK  [0m] Started User Manager for UID 1000.
[[0;32m  OK  [0m] Started Snappy daemon.
         Starting Wait until snapd is fully seeded...
[[0;32m  OK  [0m] Started Wait until snapd is fully seeded.
         Starting Apply the settings specified in cloud-config...
[[0;32m  OK  [0m] Started LSB: Apache2 web server.
[[0;32m  OK  [0m] Reached target Multi-User System.
[[0;32m  OK  [0m] Reached target Graphical Interface.
         Starting Update UTMP about System Runlevel Changes...
[[0;32m  OK  [0m] Started Update UTMP about System Runlevel Changes.
[   22.283196] cloud-init[1410]: Cloud-init v. 19.4-33-gbb4131a2-0ubuntu1~16.04.1 running 'modules:config' at Thu, 12 Mar 2020 08:24:33 +0000. Up 21.98 seconds.
[[0;32m  OK  [0m] Started Apply the settings specified in cloud-config.
         Starting Execute cloud user/final scripts...
[   23.500626] cloud-init[1448]: Cloud-init v. 19.4-33-gbb4131a2-0ubuntu1~16.04.1 running 'modules:final' at Thu, 12 Mar 2020 08:24:34 +0000. Up 23.24 seconds.
[   23.506165] cloud-init[1448]: Cloud-init v. 19.4-33-gbb4131a2-0ubuntu1~16.04.1 finished at Thu, 12 Mar 2020 08:24:35 +0000. Datasource DataSourceNoCloud [seed=/dev/sdb][dsmode=net].  Up 23.48 seconds
[[0;32m  OK  [0m] Started Execute cloud user/final scripts.
[[0;32m  OK  [0m] Reached target Cloud-init target.

Ubuntu 16.04.6 LTS ubuntu-xenial ttyS0

ubuntu-xenial login: 